%!Adobe-FontList 1.22
%Locale:0x409

%BeginFont
Handler:DirectoryHandler
FontType:TrueType
FontName:Algerian
FamilyName:Algerian
StyleName:Regular
FullName:Algerian
MenuName:Algerian
StyleBits:0
WritingScript:Roman
OutlineFileName:E:\isabel-starrynight Folder\Document fonts\ALGER.TTF
DataFormat:sfntData
hasSVG:no
VariableFontType:NonVariableFont
FileLength:76588
FileModTime:1602599216
WeightClass:400
WidthClass:2
AngleClass:0
NameArray:0,Mac,4,Algerian
NameArray:0,Win,1,Algerian
%EndFont

%BeginFont
Handler:DirectoryHandler
FontType:TrueType
FontName:BerlinSansFBDemi-Bold
FamilyName:Berlin Sans FB Demi
StyleName:Bold
FullName:Berlin Sans FB Demi Bold
MenuName:Berlin Sans FB Demi
StyleBits:2
WritingScript:Roman
OutlineFileName:E:\isabel-starrynight Folder\Document fonts\BRLNSDB.TTF
DataFormat:sfntData
hasSVG:no
VariableFontType:NonVariableFont
FileLength:96852
FileModTime:1602599222
WeightClass:700
WidthClass:5
AngleClass:0
NameArray:0,Mac,4,Berlin Sans FB Demi Bold
NameArray:0,Win,1,Berlin Sans FB Demi
%EndFont

